******************************************************************************
                  TI ARM Linker Unix v20.2.7                   
******************************************************************************
>> Linked Tue Sep 17 18:25:34 2024

OUTPUT FILE NAME:   <Project3_InterruptsAndTimers.out>
ENTRY POINT SYMBOL: "_c_int00_noargs"  address: 000007ad


MEMORY CONFIGURATION

         name            origin    length      used     unused   attr    fill
----------------------  --------  ---------  --------  --------  ----  --------
  FLASH                 00000000   00040000  0000082a  0003f7d6  R  X
  SRAM                  20000000   00008000  00000210  00007df0  RW X


SEGMENT ALLOCATION MAP

run origin  load origin   length   init length attrs members
----------  ----------- ---------- ----------- ----- -------
00000000    00000000    00000830   00000830    r-x
  00000000    00000000    0000026c   0000026c    r-- .intvecs
  0000026c    0000026c    00000596   00000596    r-x .text
  00000808    00000808    00000028   00000028    r-- .cinit
20000000    20000000    00000210   00000000    rw-
  20000000    20000000    00000200   00000000    rw- .stack
  20000200    20000200    00000010   00000000    rw- .data


SECTION ALLOCATION MAP

 output                                  attributes/
section   page    origin      length       input sections
--------  ----  ----------  ----------   ----------------
.intvecs   0    00000000    0000026c     
                  00000000    0000026c     tm4c123gh6pm_startup_ccs.obj (.intvecs)

.text      0    0000026c    00000596     
                  0000026c    000003f8     main.obj (.text)
                  00000664    0000009c     rtsv7M4_T_le_v4SPD16_eabi.lib : memcpy_t2.asm.obj (.text)
                  00000700    00000068                                   : copy_decompress_lzss.c.obj (.text:decompress:lzss:__TI_decompress_lzss)
                  00000768    00000044                                   : autoinit.c.obj (.text:__TI_auto_init_nobinit_nopinit:__TI_auto_init_nobinit_nopinit)
                  000007ac    00000034                                   : boot_cortex_m.c.obj (.text:_c_int00_noargs:_c_int00_noargs)
                  000007e0    0000000e                                   : copy_decompress_none.c.obj (.text:decompress:none:__TI_decompress_none)
                  000007ee    0000000c     tm4c123gh6pm_startup_ccs.obj (.text)
                  000007fa    00000004     rtsv7M4_T_le_v4SPD16_eabi.lib : pre_init.c.obj (.text:_system_pre_init)
                  000007fe    00000004                                   : exit.c.obj (.text:abort:abort)

.cinit     0    00000808    00000028     
                  00000808    00000016     (.cinit..data.load) [load image, compression = lzss]
                  0000081e    00000002     --HOLE-- [fill = 0]
                  00000820    00000008     (__TI_handler_table)
                  00000828    00000008     (__TI_cinit_table)

.init_array 
*          0    00000000    00000000     UNINITIALIZED

.data      0    20000200    00000010     UNINITIALIZED
                  20000200    00000010     main.obj (.data:keypad)

.stack     0    20000000    00000200     UNINITIALIZED
                  20000000    00000004     rtsv7M4_T_le_v4SPD16_eabi.lib : boot_cortex_m.c.obj (.stack)
                  20000004    000001fc     --HOLE--

__llvm_prf_cnts 
*          0    20000000    00000000     UNINITIALIZED

MODULE SUMMARY

       Module                         code   ro data   rw data
       ------                         ----   -------   -------
    ./
       main.obj                       1016   0         16     
       tm4c123gh6pm_startup_ccs.obj   12     620       0      
    +--+------------------------------+------+---------+---------+
       Total:                         1028   620       16     
                                                              
    /Applications/ti/ccs1260/ccs/tools/compiler/ti-cgt-arm_20.2.7.LTS/lib/rtsv7M4_T_le_v4SPD16_eabi.lib
       memcpy_t2.asm.obj              156    0         0      
       copy_decompress_lzss.c.obj     104    0         0      
       autoinit.c.obj                 68     0         0      
       boot_cortex_m.c.obj            52     0         0      
       copy_decompress_none.c.obj     14     0         0      
       exit.c.obj                     4      0         0      
       pre_init.c.obj                 4      0         0      
    +--+------------------------------+------+---------+---------+
       Total:                         402    0         0      
                                                              
       Stack:                         0      0         512    
       Linker Generated:              0      38        0      
    +--+------------------------------+------+---------+---------+
       Grand Total:                   1430   658       528    


LINKER GENERATED COPY TABLES

__TI_cinit_table @ 00000828 records: 1, size/record: 8, table size: 8
	.data: load addr=00000808, load size=00000016 bytes, run addr=20000200, run size=00000010 bytes, compression=lzss


LINKER GENERATED HANDLER TABLE

__TI_handler_table @ 00000820 records: 2, size/record: 4, table size: 8
	index: 0, handler: __TI_decompress_lzss
	index: 1, handler: __TI_decompress_none


GLOBAL SYMBOLS: SORTED ALPHABETICALLY BY Name 

address   name                          
-------   ----                          
000007ff  C$$EXIT                       
000004c5  LEDPinOff                     
000004af  LEDPinOn                      
000007ef  ResetISR                      
0000047b  UART_Rx                       
0000045f  UART_Tx                       
0000043d  UART_wait                     
20000200  __STACK_END                   
00000200  __STACK_SIZE                  
20000200  __STACK_TOP                   
00000828  __TI_CINIT_Base               
00000830  __TI_CINIT_Limit              
00000820  __TI_Handler_Table_Base       
00000828  __TI_Handler_Table_Limit      
00000769  __TI_auto_init_nobinit_nopinit
00000701  __TI_decompress_lzss          
000007e1  __TI_decompress_none          
ffffffff  __TI_pprof_out_hndl           
ffffffff  __TI_prof_data_size           
ffffffff  __TI_prof_data_start          
00000000  __TI_static_base__            
00000665  __aeabi_memcpy                
00000665  __aeabi_memcpy4               
00000665  __aeabi_memcpy8               
ffffffff  __binit__                     
ffffffff  __c_args__                    
UNDEFED   __mpu_init                    
20000000  __stack                       
20000000  __start___llvm_prf_cnts       
20000000  __stop___llvm_prf_cnts        
000007ad  _c_int00_noargs               
UNDEFED   _system_post_cinit            
000007fb  _system_pre_init              
000007ff  abort                         
ffffffff  binit                         
000004a3  blueLEDOff                    
00000497  blueLEDOn                     
00000507  checkButton                   
00000521  checkKeypad                   
000004e5  checkTimer                    
0000026d  delay                         
00000000  g_pfnVectors                  
0000029f  initialize                    
20000200  keypad                        
0000028f  main                          
00000665  memcpy                        
000004db  sendSign                      


GLOBAL SYMBOLS: SORTED BY Symbol Address 

address   name                          
-------   ----                          
00000000  __TI_static_base__            
00000000  g_pfnVectors                  
00000200  __STACK_SIZE                  
0000026d  delay                         
0000028f  main                          
0000029f  initialize                    
0000043d  UART_wait                     
0000045f  UART_Tx                       
0000047b  UART_Rx                       
00000497  blueLEDOn                     
000004a3  blueLEDOff                    
000004af  LEDPinOn                      
000004c5  LEDPinOff                     
000004db  sendSign                      
000004e5  checkTimer                    
00000507  checkButton                   
00000521  checkKeypad                   
00000665  __aeabi_memcpy                
00000665  __aeabi_memcpy4               
00000665  __aeabi_memcpy8               
00000665  memcpy                        
00000701  __TI_decompress_lzss          
00000769  __TI_auto_init_nobinit_nopinit
000007ad  _c_int00_noargs               
000007e1  __TI_decompress_none          
000007ef  ResetISR                      
000007fb  _system_pre_init              
000007ff  C$$EXIT                       
000007ff  abort                         
00000820  __TI_Handler_Table_Base       
00000828  __TI_CINIT_Base               
00000828  __TI_Handler_Table_Limit      
00000830  __TI_CINIT_Limit              
20000000  __stack                       
20000000  __start___llvm_prf_cnts       
20000000  __stop___llvm_prf_cnts        
20000200  __STACK_END                   
20000200  __STACK_TOP                   
20000200  keypad                        
ffffffff  __TI_pprof_out_hndl           
ffffffff  __TI_prof_data_size           
ffffffff  __TI_prof_data_start          
ffffffff  __binit__                     
ffffffff  __c_args__                    
ffffffff  binit                         
UNDEFED   __mpu_init                    
UNDEFED   _system_post_cinit            

[47 symbols]
