******************************************************************************
                  TI ARM Linker Unix v20.2.7                   
******************************************************************************
>> Linked Fri Oct  4 09:06:22 2024

OUTPUT FILE NAME:   <Project5_LEDDimmer.out>
ENTRY POINT SYMBOL: "_c_int00_noinit_noargs"  address: 0000089d


MEMORY CONFIGURATION

         name            origin    length      used     unused   attr    fill
----------------------  --------  ---------  --------  --------  ----  --------
  FLASH                 00000000   00040000  000008fc  0003f704  R  X
  SRAM                  20000000   00008000  00000200  00007e00  RW X


SEGMENT ALLOCATION MAP

run origin  load origin   length   init length attrs members
----------  ----------- ---------- ----------- ----- -------
00000000    00000000    000008fc   000008fc    r-x
  00000000    00000000    0000026c   0000026c    r-- .intvecs
  0000026c    0000026c    00000690   00000690    r-x .text
20000000    20000000    00000200   00000000    rw-
  20000000    20000000    00000200   00000000    rw- .stack


SECTION ALLOCATION MAP

 output                                  attributes/
section   page    origin      length       input sections
--------  ----  ----------  ----------   ----------------
.intvecs   0    00000000    0000026c     
                  00000000    0000026c     tm4c123gh6pm_startup_ccs.obj (.intvecs)

.text      0    0000026c    00000690     
                  0000026c    00000314     main.obj (.text)
                  00000580    00000136     rtsv7M4_T_le_v4SPD16_eabi.lib : fd_div_t2.asm.obj (.text)
                  000006b6    000000fc                                   : fd_mul_t2.asm.obj (.text)
                  000007b2    0000006e                                   : fd_tos_t2.asm.obj (.text)
                  00000820    00000044                                   : fd_tou_t2.asm.obj (.text)
                  00000864    00000038                                   : fs_tod_t2.asm.obj (.text)
                  0000089c    0000002c                                   : boot_cortex_m.c.obj (.text:_c_int00_noinit_noargs:_c_int00_noinit_noargs)
                  000008c8    00000020                                   : u_tofd_t2.asm.obj (.text)
                  000008e8    0000000c     tm4c123gh6pm_startup_ccs.obj (.text)
                  000008f4    00000004     rtsv7M4_T_le_v4SPD16_eabi.lib : pre_init.c.obj (.text:_system_pre_init)
                  000008f8    00000004                                   : exit.c.obj (.text:abort:abort)

.cinit     0    00000000    00000000     UNINITIALIZED

.init_array 
*          0    00000000    00000000     UNINITIALIZED

.stack     0    20000000    00000200     UNINITIALIZED
                  20000000    00000004     rtsv7M4_T_le_v4SPD16_eabi.lib : boot_cortex_m.c.obj (.stack)
                  20000004    000001fc     --HOLE--

__llvm_prf_cnts 
*          0    20000000    00000000     UNINITIALIZED

MODULE SUMMARY

       Module                         code   ro data   rw data
       ------                         ----   -------   -------
    ./
       main.obj                       788    0         0      
       tm4c123gh6pm_startup_ccs.obj   12     620       0      
    +--+------------------------------+------+---------+---------+
       Total:                         800    620       0      
                                                              
    /Applications/ti/ccs1260/ccs/tools/compiler/ti-cgt-arm_20.2.7.LTS/lib/rtsv7M4_T_le_v4SPD16_eabi.lib
       fd_div_t2.asm.obj              310    0         0      
       fd_mul_t2.asm.obj              252    0         0      
       fd_tos_t2.asm.obj              110    0         0      
       fd_tou_t2.asm.obj              68     0         0      
       fs_tod_t2.asm.obj              56     0         0      
       boot_cortex_m.c.obj            44     0         0      
       u_tofd_t2.asm.obj              32     0         0      
       exit.c.obj                     4      0         0      
       pre_init.c.obj                 4      0         0      
    +--+------------------------------+------+---------+---------+
       Total:                         880    0         0      
                                                              
       Stack:                         0      0         512    
    +--+------------------------------+------+---------+---------+
       Grand Total:                   1680   620       512    


GLOBAL SYMBOLS: SORTED ALPHABETICALLY BY Name 

address   name                   
-------   ----                   
000008f9  C$$EXIT                
000008e9  ResetISR               
0000044d  UART_wait              
20000200  __STACK_END            
00000200  __STACK_SIZE           
20000200  __STACK_TOP            
ffffffff  __TI_pprof_out_hndl    
ffffffff  __TI_prof_data_size    
ffffffff  __TI_prof_data_start   
00000000  __TI_static_base__     
000007b3  __aeabi_d2f            
00000821  __aeabi_d2uiz          
00000581  __aeabi_ddiv           
000006b7  __aeabi_dmul           
00000865  __aeabi_f2d            
000008c9  __aeabi_ui2d           
ffffffff  __binit__              
ffffffff  __c_args__             
UNDEFED   __mpu_init             
20000000  __stack                
20000000  __start___llvm_prf_cnts
20000000  __stop___llvm_prf_cnts 
0000089d  _c_int00_noinit_noargs 
000008f5  _system_pre_init       
000008f9  abort                  
ffffffff  binit                  
000003f7  delay                  
00000000  g_pfnVectors           
0000038f  initADC                
0000033d  initGPIO               
000002f1  initPWM                
0000026d  initUART               
000003bf  initialize             
0000046f  main                   
00000411  setDutyCycle           


GLOBAL SYMBOLS: SORTED BY Symbol Address 

address   name                   
-------   ----                   
00000000  __TI_static_base__     
00000000  g_pfnVectors           
00000200  __STACK_SIZE           
0000026d  initUART               
000002f1  initPWM                
0000033d  initGPIO               
0000038f  initADC                
000003bf  initialize             
000003f7  delay                  
00000411  setDutyCycle           
0000044d  UART_wait              
0000046f  main                   
00000581  __aeabi_ddiv           
000006b7  __aeabi_dmul           
000007b3  __aeabi_d2f            
00000821  __aeabi_d2uiz          
00000865  __aeabi_f2d            
0000089d  _c_int00_noinit_noargs 
000008c9  __aeabi_ui2d           
000008e9  ResetISR               
000008f5  _system_pre_init       
000008f9  C$$EXIT                
000008f9  abort                  
20000000  __stack                
20000000  __start___llvm_prf_cnts
20000000  __stop___llvm_prf_cnts 
20000200  __STACK_END            
20000200  __STACK_TOP            
ffffffff  __TI_pprof_out_hndl    
ffffffff  __TI_prof_data_size    
ffffffff  __TI_prof_data_start   
ffffffff  __binit__              
ffffffff  __c_args__             
ffffffff  binit                  
UNDEFED   __mpu_init             

[35 symbols]
